<?xml version="1.0" encoding="UTF-8"?>
<testsuites name="jest tests" tests="2" failures="0" errors="0" time="4.019">
  <testsuite name="editUser" errors="0" failures="0" skipped="0" timestamp="2025-08-02T07:21:44" time="3.937" tests="2">
    <testcase classname="editUser should throw an error if username is taken by another user" name="editUser should throw an error if username is taken by another user" time="0.013">
    </testcase>
    <testcase classname="editUser should update user when username is unique" name="editUser should update user when username is unique" time="0.003">
    </testcase>
  </testsuite>
</testsuites>